{
    "Params: Bakta annotation": {
        "content": [
            {
                "BACMODEL_SUMMARY": {
                    "python": "3.12",
                    "pandas": "2.2.1"
                },
                "BAKTA_BAKTA": {
                    "bakta": "1.12.0"
                },
                "BAKTA_BAKTADBDOWNLOAD": {
                    "bakta": "1.12.0"
                },
                "Workflow": {
                    "nf-core/bacmodel": "v1.0.0"
                }
            },
            [
                "annotation",
                "annotation/bakta",
                "annotation/bakta/faecalibacterium_taiwanense.embl",
                "annotation/bakta/faecalibacterium_taiwanense.faa",
                "annotation/bakta/faecalibacterium_taiwanense.ffn",
                "annotation/bakta/faecalibacterium_taiwanense.fna",
                "annotation/bakta/faecalibacterium_taiwanense.gbff",
                "annotation/bakta/faecalibacterium_taiwanense.gff3",
                "annotation/bakta/faecalibacterium_taiwanense.hypotheticals.faa",
                "annotation/bakta/faecalibacterium_taiwanense.hypotheticals.tsv",
                "annotation/bakta/faecalibacterium_taiwanense.tsv",
                "annotation/bakta/faecalibacterium_taiwanense.txt",
                "databases",
                "databases/bakta",
                "databases/bakta/db-light",
                "databases/bakta/db-light/amrfinderplus-db",
                "databases/bakta/db-light/amrfinderplus-db/2024-12-18.1",
                "databases/bakta/db-light/amrfinderplus-db/2024-12-18.1/AMR.LIB.h3f",
                "databases/bakta/db-light/amrfinderplus-db/2024-12-18.1/AMR.LIB.h3i",
                "databases/bakta/db-light/amrfinderplus-db/2024-12-18.1/AMR.LIB.h3m",
                "databases/bakta/db-light/amrfinderplus-db/2024-12-18.1/AMR.LIB.h3p",
                "databases/bakta/db-light/amrfinderplus-db/2024-12-18.1/AMRProt-mutation.tsv",
                "databases/bakta/db-light/amrfinderplus-db/2024-12-18.1/AMRProt-suppress.tsv",
                "databases/bakta/db-light/amrfinderplus-db/2024-12-18.1/AMRProt-susceptible.tsv",
                "databases/bakta/db-light/amrfinderplus-db/2024-12-18.1/AMRProt.fa.pdb",
                "databases/bakta/db-light/amrfinderplus-db/2024-12-18.1/AMRProt.fa.phr",
                "databases/bakta/db-light/amrfinderplus-db/2024-12-18.1/AMRProt.fa.pin",
                "databases/bakta/db-light/amrfinderplus-db/2024-12-18.1/AMRProt.fa.pjs",
                "databases/bakta/db-light/amrfinderplus-db/2024-12-18.1/AMRProt.fa.pot",
                "databases/bakta/db-light/amrfinderplus-db/2024-12-18.1/AMRProt.fa.psq",
                "databases/bakta/db-light/amrfinderplus-db/2024-12-18.1/AMRProt.fa.ptf",
                "databases/bakta/db-light/amrfinderplus-db/2024-12-18.1/AMRProt.fa.pto",
                "databases/bakta/db-light/amrfinderplus-db/2024-12-18.1/database_format_version.txt",
                "databases/bakta/db-light/amrfinderplus-db/2024-12-18.1/fam.tsv",
                "databases/bakta/db-light/amrfinderplus-db/2024-12-18.1/taxgroup.tsv",
                "databases/bakta/db-light/amrfinderplus-db/2024-12-18.1/version.txt",
                "databases/bakta/db-light/amrfinderplus-db/2026-08-07.1",
                "databases/bakta/db-light/amrfinderplus-db/2026-08-07.1/AMR.LIB",
                "databases/bakta/db-light/amrfinderplus-db/2026-08-07.1/AMR.LIB.h3f",
                "databases/bakta/db-light/amrfinderplus-db/2026-08-07.1/AMR.LIB.h3i",
                "databases/bakta/db-light/amrfinderplus-db/2026-08-07.1/AMR.LIB.h3m",
                "databases/bakta/db-light/amrfinderplus-db/2026-08-07.1/AMR.LIB.h3p",
                "databases/bakta/db-light/amrfinderplus-db/2026-08-07.1/AMRProt-mutation.tsv",
                "databases/bakta/db-light/amrfinderplus-db/2026-08-07.1/AMRProt-suppress.tsv",
                "databases/bakta/db-light/amrfinderplus-db/2026-08-07.1/AMRProt-susceptible.fa",
                "databases/bakta/db-light/amrfinderplus-db/2026-08-07.1/AMRProt-susceptible.tsv",
                "databases/bakta/db-light/amrfinderplus-db/2026-08-07.1/AMRProt.fa",
                "databases/bakta/db-light/amrfinderplus-db/2026-08-07.1/AMRProt.fa.pdb",
                "databases/bakta/db-light/amrfinderplus-db/2026-08-07.1/AMRProt.fa.phr",
                "databases/bakta/db-light/amrfinderplus-db/2026-08-07.1/AMRProt.fa.pin",
                "databases/bakta/db-light/amrfinderplus-db/2026-08-07.1/AMRProt.fa.pjs",
                "databases/bakta/db-light/amrfinderplus-db/2026-08-07.1/AMRProt.fa.pot",
                "databases/bakta/db-light/amrfinderplus-db/2026-08-07.1/AMRProt.fa.psq",
                "databases/bakta/db-light/amrfinderplus-db/2026-08-07.1/AMRProt.fa.ptf",
                "databases/bakta/db-light/amrfinderplus-db/2026-08-07.1/AMRProt.fa.pto",
                "databases/bakta/db-light/amrfinderplus-db/2026-08-07.1/AMR_CDS.fa",
                "databases/bakta/db-light/amrfinderplus-db/2026-08-07.1/AMR_CDS.fa.ndb",
                "databases/bakta/db-light/amrfinderplus-db/2026-08-07.1/AMR_CDS.fa.nhr",
                "databases/bakta/db-light/amrfinderplus-db/2026-08-07.1/AMR_CDS.fa.nin",
                "databases/bakta/db-light/amrfinderplus-db/2026-08-07.1/AMR_CDS.fa.njs",
                "databases/bakta/db-light/amrfinderplus-db/2026-08-07.1/AMR_CDS.fa.not",
                "databases/bakta/db-light/amrfinderplus-db/2026-08-07.1/AMR_CDS.fa.nsq",
                "databases/bakta/db-light/amrfinderplus-db/2026-08-07.1/AMR_CDS.fa.ntf",
                "databases/bakta/db-light/amrfinderplus-db/2026-08-07.1/AMR_CDS.fa.nto",
                "databases/bakta/db-light/amrfinderplus-db/2026-08-07.1/AMR_DNA-Acinetobacter_baumannii.fa",
                "databases/bakta/db-light/amrfinderplus-db/2026-08-07.1/AMR_DNA-Acinetobacter_baumannii.fa.ndb",
                "databases/bakta/db-light/amrfinderplus-db/2026-08-07.1/AMR_DNA-Acinetobacter_baumannii.fa.nhr",
                "databases/bakta/db-light/amrfinderplus-db/2026-08-07.1/AMR_DNA-Acinetobacter_baumannii.fa.nin",
                "databases/bakta/db-light/amrfinderplus-db/2026-08-07.1/AMR_DNA-Acinetobacter_baumannii.fa.njs",
                "databases/bakta/db-light/amrfinderplus-db/2026-08-07.1/AMR_DNA-Acinetobacter_baumannii.fa.not",
                "databases/bakta/db-light/amrfinderplus-db/2026-08-07.1/AMR_DNA-Acinetobacter_baumannii.fa.nsq",
                "databases/bakta/db-light/amrfinderplus-db/2026-08-07.1/AMR_DNA-Acinetobacter_baumannii.fa.ntf",
                "databases/bakta/db-light/amrfinderplus-db/2026-08-07.1/AMR_DNA-Acinetobacter_baumannii.fa.nto",
                "databases/bakta/db-light/amrfinderplus-db/2026-08-07.1/AMR_DNA-Acinetobacter_baumannii.tsv",
                "databases/bakta/db-light/amrfinderplus-db/2026-08-07.1/AMR_DNA-Bordetella_pertussis.fa",
                "databases/bakta/db-light/amrfinderplus-db/2026-08-07.1/AMR_DNA-Bordetella_pertussis.fa.ndb",
                "databases/bakta/db-light/amrfinderplus-db/2026-08-07.1/AMR_DNA-Bordetella_pertussis.fa.nhr",
                "databases/bakta/db-light/amrfinderplus-db/2026-08-07.1/AMR_DNA-Bordetella_pertussis.fa.nin",
                "databases/bakta/db-light/amrfinderplus-db/2026-08-07.1/AMR_DNA-Bordetella_pertussis.fa.njs",
                "databases/bakta/db-light/amrfinderplus-db/2026-08-07.1/AMR_DNA-Bordetella_pertussis.fa.not",
                "databases/bakta/db-light/amrfinderplus-db/2026-08-07.1/AMR_DNA-Bordetella_pertussis.fa.nsq",
                "databases/bakta/db-light/amrfinderplus-db/2026-08-07.1/AMR_DNA-Bordetella_pertussis.fa.ntf",
                "databases/bakta/db-light/amrfinderplus-db/2026-08-07.1/AMR_DNA-Bordetella_pertussis.fa.nto",
                "databases/bakta/db-light/amrfinderplus-db/2026-08-07.1/AMR_DNA-Bordetella_pertussis.tsv",
                "databases/bakta/db-light/amrfinderplus-db/2026-08-07.1/AMR_DNA-Campylobacter.fa",
                "databases/bakta/db-light/amrfinderplus-db/2026-08-07.1/AMR_DNA-Campylobacter.fa.ndb",
                "databases/bakta/db-light/amrfinderplus-db/2026-08-07.1/AMR_DNA-Campylobacter.fa.nhr",
                "databases/bakta/db-light/amrfinderplus-db/2026-08-07.1/AMR_DNA-Campylobacter.fa.nin",
                "databases/bakta/db-light/amrfinderplus-db/2026-08-07.1/AMR_DNA-Campylobacter.fa.njs",
                "databases/bakta/db-light/amrfinderplus-db/2026-08-07.1/AMR_DNA-Campylobacter.fa.not",
                "databases/bakta/db-light/amrfinderplus-db/2026-08-07.1/AMR_DNA-Campylobacter.fa.nsq",
                "databases/bakta/db-light/amrfinderplus-db/2026-08-07.1/AMR_DNA-Campylobacter.fa.ntf",
                "databases/bakta/db-light/amrfinderplus-db/2026-08-07.1/AMR_DNA-Campylobacter.fa.nto",
                "databases/bakta/db-light/amrfinderplus-db/2026-08-07.1/AMR_DNA-Campylobacter.tsv",
                "databases/bakta/db-light/amrfinderplus-db/2026-08-07.1/AMR_DNA-Clostridioides_difficile.fa",
                "databases/bakta/db-light/amrfinderplus-db/2026-08-07.1/AMR_DNA-Clostridioides_difficile.fa.ndb",
                "databases/bakta/db-light/amrfinderplus-db/2026-08-07.1/AMR_DNA-Clostridioides_difficile.fa.nhr",
                "databases/bakta/db-light/amrfinderplus-db/2026-08-07.1/AMR_DNA-Clostridioides_difficile.fa.nin",
                "databases/bakta/db-light/amrfinderplus-db/2026-08-07.1/AMR_DNA-Clostridioides_difficile.fa.njs",
                "databases/bakta/db-light/amrfinderplus-db/2026-08-07.1/AMR_DNA-Clostridioides_difficile.fa.not",
                "databases/bakta/db-light/amrfinderplus-db/2026-08-07.1/AMR_DNA-Clostridioides_difficile.fa.nsq",
                "databases/bakta/db-light/amrfinderplus-db/2026-08-07.1/AMR_DNA-Clostridioides_difficile.fa.ntf",
                "databases/bakta/db-light/amrfinderplus-db/2026-08-07.1/AMR_DNA-Clostridioides_difficile.fa.nto",
                "databases/bakta/db-light/amrfinderplus-db/2026-08-07.1/AMR_DNA-Clostridioides_difficile.tsv",
                "databases/bakta/db-light/amrfinderplus-db/2026-08-07.1/AMR_DNA-Enterococcus_faecalis.fa",
                "databases/bakta/db-light/amrfinderplus-db/2026-08-07.1/AMR_DNA-Enterococcus_faecalis.fa.ndb",
                "databases/bakta/db-light/amrfinderplus-db/2026-08-07.1/AMR_DNA-Enterococcus_faecalis.fa.nhr",
                "databases/bakta/db-light/amrfinderplus-db/2026-08-07.1/AMR_DNA-Enterococcus_faecalis.fa.nin",
                "databases/bakta/db-light/amrfinderplus-db/2026-08-07.1/AMR_DNA-Enterococcus_faecalis.fa.njs",
                "databases/bakta/db-light/amrfinderplus-db/2026-08-07.1/AMR_DNA-Enterococcus_faecalis.fa.not",
                "databases/bakta/db-light/amrfinderplus-db/2026-08-07.1/AMR_DNA-Enterococcus_faecalis.fa.nsq",
                "databases/bakta/db-light/amrfinderplus-db/2026-08-07.1/AMR_DNA-Enterococcus_faecalis.fa.ntf",
                "databases/bakta/db-light/amrfinderplus-db/2026-08-07.1/AMR_DNA-Enterococcus_faecalis.fa.nto",
                "databases/bakta/db-light/amrfinderplus-db/2026-08-07.1/AMR_DNA-Enterococcus_faecalis.tsv",
                "databases/bakta/db-light/amrfinderplus-db/2026-08-07.1/AMR_DNA-Enterococcus_faecium.fa",
                "databases/bakta/db-light/amrfinderplus-db/2026-08-07.1/AMR_DNA-Enterococcus_faecium.fa.ndb",
                "databases/bakta/db-light/amrfinderplus-db/2026-08-07.1/AMR_DNA-Enterococcus_faecium.fa.nhr",
                "databases/bakta/db-light/amrfinderplus-db/2026-08-07.1/AMR_DNA-Enterococcus_faecium.fa.nin",
                "databases/bakta/db-light/amrfinderplus-db/2026-08-07.1/AMR_DNA-Enterococcus_faecium.fa.njs",
                "databases/bakta/db-light/amrfinderplus-db/2026-08-07.1/AMR_DNA-Enterococcus_faecium.fa.not",
                "databases/bakta/db-light/amrfinderplus-db/2026-08-07.1/AMR_DNA-Enterococcus_faecium.fa.nsq",
                "databases/bakta/db-light/amrfinderplus-db/2026-08-07.1/AMR_DNA-Enterococcus_faecium.fa.ntf",
                "databases/bakta/db-light/amrfinderplus-db/2026-08-07.1/AMR_DNA-Enterococcus_faecium.fa.nto",
                "databases/bakta/db-light/amrfinderplus-db/2026-08-07.1/AMR_DNA-Enterococcus_faecium.tsv",
                "databases/bakta/db-light/amrfinderplus-db/2026-08-07.1/AMR_DNA-Escherichia.fa",
                "databases/bakta/db-light/amrfinderplus-db/2026-08-07.1/AMR_DNA-Escherichia.fa.ndb",
                "databases/bakta/db-light/amrfinderplus-db/2026-08-07.1/AMR_DNA-Escherichia.fa.nhr",
                "databases/bakta/db-light/amrfinderplus-db/2026-08-07.1/AMR_DNA-Escherichia.fa.nin",
                "databases/bakta/db-light/amrfinderplus-db/2026-08-07.1/AMR_DNA-Escherichia.fa.njs",
                "databases/bakta/db-light/amrfinderplus-db/2026-08-07.1/AMR_DNA-Escherichia.fa.not",
                "databases/bakta/db-light/amrfinderplus-db/2026-08-07.1/AMR_DNA-Escherichia.fa.nsq",
                "databases/bakta/db-light/amrfinderplus-db/2026-08-07.1/AMR_DNA-Escherichia.fa.ntf",
                "databases/bakta/db-light/amrfinderplus-db/2026-08-07.1/AMR_DNA-Escherichia.fa.nto",
                "databases/bakta/db-light/amrfinderplus-db/2026-08-07.1/AMR_DNA-Escherichia.tsv",
                "databases/bakta/db-light/amrfinderplus-db/2026-08-07.1/AMR_DNA-Klebsiella_oxytoca.fa",
                "databases/bakta/db-light/amrfinderplus-db/2026-08-07.1/AMR_DNA-Klebsiella_oxytoca.fa.ndb",
                "databases/bakta/db-light/amrfinderplus-db/2026-08-07.1/AMR_DNA-Klebsiella_oxytoca.fa.nhr",
                "databases/bakta/db-light/amrfinderplus-db/2026-08-07.1/AMR_DNA-Klebsiella_oxytoca.fa.nin",
                "databases/bakta/db-light/amrfinderplus-db/2026-08-07.1/AMR_DNA-Klebsiella_oxytoca.fa.njs",
                "databases/bakta/db-light/amrfinderplus-db/2026-08-07.1/AMR_DNA-Klebsiella_oxytoca.fa.not",
                "databases/bakta/db-light/amrfinderplus-db/2026-08-07.1/AMR_DNA-Klebsiella_oxytoca.fa.nsq",
                "databases/bakta/db-light/amrfinderplus-db/2026-08-07.1/AMR_DNA-Klebsiella_oxytoca.fa.ntf",
                "databases/bakta/db-light/amrfinderplus-db/2026-08-07.1/AMR_DNA-Klebsiella_oxytoca.fa.nto",
                "databases/bakta/db-light/amrfinderplus-db/2026-08-07.1/AMR_DNA-Klebsiella_oxytoca.tsv",
                "databases/bakta/db-light/amrfinderplus-db/2026-08-07.1/AMR_DNA-Klebsiella_pneumoniae.fa",
                "databases/bakta/db-light/amrfinderplus-db/2026-08-07.1/AMR_DNA-Klebsiella_pneumoniae.fa.ndb",
                "databases/bakta/db-light/amrfinderplus-db/2026-08-07.1/AMR_DNA-Klebsiella_pneumoniae.fa.nhr",
                "databases/bakta/db-light/amrfinderplus-db/2026-08-07.1/AMR_DNA-Klebsiella_pneumoniae.fa.nin",
                "databases/bakta/db-light/amrfinderplus-db/2026-08-07.1/AMR_DNA-Klebsiella_pneumoniae.fa.njs",
                "databases/bakta/db-light/amrfinderplus-db/2026-08-07.1/AMR_DNA-Klebsiella_pneumoniae.fa.not",
                "databases/bakta/db-light/amrfinderplus-db/2026-08-07.1/AMR_DNA-Klebsiella_pneumoniae.fa.nsq",
                "databases/bakta/db-light/amrfinderplus-db/2026-08-07.1/AMR_DNA-Klebsiella_pneumoniae.fa.ntf",
                "databases/bakta/db-light/amrfinderplus-db/2026-08-07.1/AMR_DNA-Klebsiella_pneumoniae.fa.nto",
                "databases/bakta/db-light/amrfinderplus-db/2026-08-07.1/AMR_DNA-Klebsiella_pneumoniae.tsv",
                "databases/bakta/db-light/amrfinderplus-db/2026-08-07.1/AMR_DNA-Neisseria_gonorrhoeae.fa",
                "databases/bakta/db-light/amrfinderplus-db/2026-08-07.1/AMR_DNA-Neisseria_gonorrhoeae.fa.ndb",
                "databases/bakta/db-light/amrfinderplus-db/2026-08-07.1/AMR_DNA-Neisseria_gonorrhoeae.fa.nhr",
                "databases/bakta/db-light/amrfinderplus-db/2026-08-07.1/AMR_DNA-Neisseria_gonorrhoeae.fa.nin",
                "databases/bakta/db-light/amrfinderplus-db/2026-08-07.1/AMR_DNA-Neisseria_gonorrhoeae.fa.njs",
                "databases/bakta/db-light/amrfinderplus-db/2026-08-07.1/AMR_DNA-Neisseria_gonorrhoeae.fa.not",
                "databases/bakta/db-light/amrfinderplus-db/2026-08-07.1/AMR_DNA-Neisseria_gonorrhoeae.fa.nsq",
                "databases/bakta/db-light/amrfinderplus-db/2026-08-07.1/AMR_DNA-Neisseria_gonorrhoeae.fa.ntf",
                "databases/bakta/db-light/amrfinderplus-db/2026-08-07.1/AMR_DNA-Neisseria_gonorrhoeae.fa.nto",
                "databases/bakta/db-light/amrfinderplus-db/2026-08-07.1/AMR_DNA-Neisseria_gonorrhoeae.tsv",
                "databases/bakta/db-light/amrfinderplus-db/2026-08-07.1/AMR_DNA-Salmonella.fa",
                "databases/bakta/db-light/amrfinderplus-db/2026-08-07.1/AMR_DNA-Salmonella.fa.ndb",
                "databases/bakta/db-light/amrfinderplus-db/2026-08-07.1/AMR_DNA-Salmonella.fa.nhr",
                "databases/bakta/db-light/amrfinderplus-db/2026-08-07.1/AMR_DNA-Salmonella.fa.nin",
                "databases/bakta/db-light/amrfinderplus-db/2026-08-07.1/AMR_DNA-Salmonella.fa.njs",
                "databases/bakta/db-light/amrfinderplus-db/2026-08-07.1/AMR_DNA-Salmonella.fa.not",
                "databases/bakta/db-light/amrfinderplus-db/2026-08-07.1/AMR_DNA-Salmonella.fa.nsq",
                "databases/bakta/db-light/amrfinderplus-db/2026-08-07.1/AMR_DNA-Salmonella.fa.ntf",
                "databases/bakta/db-light/amrfinderplus-db/2026-08-07.1/AMR_DNA-Salmonella.fa.nto",
                "databases/bakta/db-light/amrfinderplus-db/2026-08-07.1/AMR_DNA-Salmonella.tsv",
                "databases/bakta/db-light/amrfinderplus-db/2026-08-07.1/AMR_DNA-Staphylococcus_aureus.fa",
                "databases/bakta/db-light/amrfinderplus-db/2026-08-07.1/AMR_DNA-Staphylococcus_aureus.fa.ndb",
                "databases/bakta/db-light/amrfinderplus-db/2026-08-07.1/AMR_DNA-Staphylococcus_aureus.fa.nhr",
                "databases/bakta/db-light/amrfinderplus-db/2026-08-07.1/AMR_DNA-Staphylococcus_aureus.fa.nin",
                "databases/bakta/db-light/amrfinderplus-db/2026-08-07.1/AMR_DNA-Staphylococcus_aureus.fa.njs",
                "databases/bakta/db-light/amrfinderplus-db/2026-08-07.1/AMR_DNA-Staphylococcus_aureus.fa.not",
                "databases/bakta/db-light/amrfinderplus-db/2026-08-07.1/AMR_DNA-Staphylococcus_aureus.fa.nsq",
                "databases/bakta/db-light/amrfinderplus-db/2026-08-07.1/AMR_DNA-Staphylococcus_aureus.fa.ntf",
                "databases/bakta/db-light/amrfinderplus-db/2026-08-07.1/AMR_DNA-Staphylococcus_aureus.fa.nto",
                "databases/bakta/db-light/amrfinderplus-db/2026-08-07.1/AMR_DNA-Staphylococcus_aureus.tsv",
                "databases/bakta/db-light/amrfinderplus-db/2026-08-07.1/AMR_DNA-Streptococcus_pneumoniae.fa",
                "databases/bakta/db-light/amrfinderplus-db/2026-08-07.1/AMR_DNA-Streptococcus_pneumoniae.fa.ndb",
                "databases/bakta/db-light/amrfinderplus-db/2026-08-07.1/AMR_DNA-Streptococcus_pneumoniae.fa.nhr",
                "databases/bakta/db-light/amrfinderplus-db/2026-08-07.1/AMR_DNA-Streptococcus_pneumoniae.fa.nin",
                "databases/bakta/db-light/amrfinderplus-db/2026-08-07.1/AMR_DNA-Streptococcus_pneumoniae.fa.njs",
                "databases/bakta/db-light/amrfinderplus-db/2026-08-07.1/AMR_DNA-Streptococcus_pneumoniae.fa.not",
                "databases/bakta/db-light/amrfinderplus-db/2026-08-07.1/AMR_DNA-Streptococcus_pneumoniae.fa.nsq",
                "databases/bakta/db-light/amrfinderplus-db/2026-08-07.1/AMR_DNA-Streptococcus_pneumoniae.fa.ntf",
                "databases/bakta/db-light/amrfinderplus-db/2026-08-07.1/AMR_DNA-Streptococcus_pneumoniae.fa.nto",
                "databases/bakta/db-light/amrfinderplus-db/2026-08-07.1/AMR_DNA-Streptococcus_pneumoniae.tsv",
                "databases/bakta/db-light/amrfinderplus-db/2026-08-07.1/changes.txt",
                "databases/bakta/db-light/amrfinderplus-db/2026-08-07.1/database_format_version.txt",
                "databases/bakta/db-light/amrfinderplus-db/2026-08-07.1/fam.tsv",
                "databases/bakta/db-light/amrfinderplus-db/2026-08-07.1/taxgroup.tsv",
                "databases/bakta/db-light/amrfinderplus-db/2026-08-07.1/version.txt",
                "databases/bakta/db-light/amrfinderplus-db/latest",
                "databases/bakta/db-light/amrfinderplus-db/latest/AMR.LIB",
                "databases/bakta/db-light/amrfinderplus-db/latest/AMR.LIB.h3f",
                "databases/bakta/db-light/amrfinderplus-db/latest/AMR.LIB.h3i",
                "databases/bakta/db-light/amrfinderplus-db/latest/AMR.LIB.h3m",
                "databases/bakta/db-light/amrfinderplus-db/latest/AMR.LIB.h3p",
                "databases/bakta/db-light/amrfinderplus-db/latest/AMRProt-mutation.tsv",
                "databases/bakta/db-light/amrfinderplus-db/latest/AMRProt-suppress.tsv",
                "databases/bakta/db-light/amrfinderplus-db/latest/AMRProt-susceptible.fa",
                "databases/bakta/db-light/amrfinderplus-db/latest/AMRProt-susceptible.tsv",
                "databases/bakta/db-light/amrfinderplus-db/latest/AMRProt.fa",
                "databases/bakta/db-light/amrfinderplus-db/latest/AMRProt.fa.pdb",
                "databases/bakta/db-light/amrfinderplus-db/latest/AMRProt.fa.phr",
                "databases/bakta/db-light/amrfinderplus-db/latest/AMRProt.fa.pin",
                "databases/bakta/db-light/amrfinderplus-db/latest/AMRProt.fa.pjs",
                "databases/bakta/db-light/amrfinderplus-db/latest/AMRProt.fa.pot",
                "databases/bakta/db-light/amrfinderplus-db/latest/AMRProt.fa.psq",
                "databases/bakta/db-light/amrfinderplus-db/latest/AMRProt.fa.ptf",
                "databases/bakta/db-light/amrfinderplus-db/latest/AMRProt.fa.pto",
                "databases/bakta/db-light/amrfinderplus-db/latest/AMR_CDS.fa",
                "databases/bakta/db-light/amrfinderplus-db/latest/AMR_CDS.fa.ndb",
                "databases/bakta/db-light/amrfinderplus-db/latest/AMR_CDS.fa.nhr",
                "databases/bakta/db-light/amrfinderplus-db/latest/AMR_CDS.fa.nin",
                "databases/bakta/db-light/amrfinderplus-db/latest/AMR_CDS.fa.njs",
                "databases/bakta/db-light/amrfinderplus-db/latest/AMR_CDS.fa.not",
                "databases/bakta/db-light/amrfinderplus-db/latest/AMR_CDS.fa.nsq",
                "databases/bakta/db-light/amrfinderplus-db/latest/AMR_CDS.fa.ntf",
                "databases/bakta/db-light/amrfinderplus-db/latest/AMR_CDS.fa.nto",
                "databases/bakta/db-light/amrfinderplus-db/latest/AMR_DNA-Acinetobacter_baumannii.fa",
                "databases/bakta/db-light/amrfinderplus-db/latest/AMR_DNA-Acinetobacter_baumannii.fa.ndb",
                "databases/bakta/db-light/amrfinderplus-db/latest/AMR_DNA-Acinetobacter_baumannii.fa.nhr",
                "databases/bakta/db-light/amrfinderplus-db/latest/AMR_DNA-Acinetobacter_baumannii.fa.nin",
                "databases/bakta/db-light/amrfinderplus-db/latest/AMR_DNA-Acinetobacter_baumannii.fa.njs",
                "databases/bakta/db-light/amrfinderplus-db/latest/AMR_DNA-Acinetobacter_baumannii.fa.not",
                "databases/bakta/db-light/amrfinderplus-db/latest/AMR_DNA-Acinetobacter_baumannii.fa.nsq",
                "databases/bakta/db-light/amrfinderplus-db/latest/AMR_DNA-Acinetobacter_baumannii.fa.ntf",
                "databases/bakta/db-light/amrfinderplus-db/latest/AMR_DNA-Acinetobacter_baumannii.fa.nto",
                "databases/bakta/db-light/amrfinderplus-db/latest/AMR_DNA-Acinetobacter_baumannii.tsv",
                "databases/bakta/db-light/amrfinderplus-db/latest/AMR_DNA-Bordetella_pertussis.fa",
                "databases/bakta/db-light/amrfinderplus-db/latest/AMR_DNA-Bordetella_pertussis.fa.ndb",
                "databases/bakta/db-light/amrfinderplus-db/latest/AMR_DNA-Bordetella_pertussis.fa.nhr",
                "databases/bakta/db-light/amrfinderplus-db/latest/AMR_DNA-Bordetella_pertussis.fa.nin",
                "databases/bakta/db-light/amrfinderplus-db/latest/AMR_DNA-Bordetella_pertussis.fa.njs",
                "databases/bakta/db-light/amrfinderplus-db/latest/AMR_DNA-Bordetella_pertussis.fa.not",
                "databases/bakta/db-light/amrfinderplus-db/latest/AMR_DNA-Bordetella_pertussis.fa.nsq",
                "databases/bakta/db-light/amrfinderplus-db/latest/AMR_DNA-Bordetella_pertussis.fa.ntf",
                "databases/bakta/db-light/amrfinderplus-db/latest/AMR_DNA-Bordetella_pertussis.fa.nto",
                "databases/bakta/db-light/amrfinderplus-db/latest/AMR_DNA-Bordetella_pertussis.tsv",
                "databases/bakta/db-light/amrfinderplus-db/latest/AMR_DNA-Campylobacter.fa",
                "databases/bakta/db-light/amrfinderplus-db/latest/AMR_DNA-Campylobacter.fa.ndb",
                "databases/bakta/db-light/amrfinderplus-db/latest/AMR_DNA-Campylobacter.fa.nhr",
                "databases/bakta/db-light/amrfinderplus-db/latest/AMR_DNA-Campylobacter.fa.nin",
                "databases/bakta/db-light/amrfinderplus-db/latest/AMR_DNA-Campylobacter.fa.njs",
                "databases/bakta/db-light/amrfinderplus-db/latest/AMR_DNA-Campylobacter.fa.not",
                "databases/bakta/db-light/amrfinderplus-db/latest/AMR_DNA-Campylobacter.fa.nsq",
                "databases/bakta/db-light/amrfinderplus-db/latest/AMR_DNA-Campylobacter.fa.ntf",
                "databases/bakta/db-light/amrfinderplus-db/latest/AMR_DNA-Campylobacter.fa.nto",
                "databases/bakta/db-light/amrfinderplus-db/latest/AMR_DNA-Campylobacter.tsv",
                "databases/bakta/db-light/amrfinderplus-db/latest/AMR_DNA-Clostridioides_difficile.fa",
                "databases/bakta/db-light/amrfinderplus-db/latest/AMR_DNA-Clostridioides_difficile.fa.ndb",
                "databases/bakta/db-light/amrfinderplus-db/latest/AMR_DNA-Clostridioides_difficile.fa.nhr",
                "databases/bakta/db-light/amrfinderplus-db/latest/AMR_DNA-Clostridioides_difficile.fa.nin",
                "databases/bakta/db-light/amrfinderplus-db/latest/AMR_DNA-Clostridioides_difficile.fa.njs",
                "databases/bakta/db-light/amrfinderplus-db/latest/AMR_DNA-Clostridioides_difficile.fa.not",
                "databases/bakta/db-light/amrfinderplus-db/latest/AMR_DNA-Clostridioides_difficile.fa.nsq",
                "databases/bakta/db-light/amrfinderplus-db/latest/AMR_DNA-Clostridioides_difficile.fa.ntf",
                "databases/bakta/db-light/amrfinderplus-db/latest/AMR_DNA-Clostridioides_difficile.fa.nto",
                "databases/bakta/db-light/amrfinderplus-db/latest/AMR_DNA-Clostridioides_difficile.tsv",
                "databases/bakta/db-light/amrfinderplus-db/latest/AMR_DNA-Enterococcus_faecalis.fa",
                "databases/bakta/db-light/amrfinderplus-db/latest/AMR_DNA-Enterococcus_faecalis.fa.ndb",
                "databases/bakta/db-light/amrfinderplus-db/latest/AMR_DNA-Enterococcus_faecalis.fa.nhr",
                "databases/bakta/db-light/amrfinderplus-db/latest/AMR_DNA-Enterococcus_faecalis.fa.nin",
                "databases/bakta/db-light/amrfinderplus-db/latest/AMR_DNA-Enterococcus_faecalis.fa.njs",
                "databases/bakta/db-light/amrfinderplus-db/latest/AMR_DNA-Enterococcus_faecalis.fa.not",
                "databases/bakta/db-light/amrfinderplus-db/latest/AMR_DNA-Enterococcus_faecalis.fa.nsq",
                "databases/bakta/db-light/amrfinderplus-db/latest/AMR_DNA-Enterococcus_faecalis.fa.ntf",
                "databases/bakta/db-light/amrfinderplus-db/latest/AMR_DNA-Enterococcus_faecalis.fa.nto",
                "databases/bakta/db-light/amrfinderplus-db/latest/AMR_DNA-Enterococcus_faecalis.tsv",
                "databases/bakta/db-light/amrfinderplus-db/latest/AMR_DNA-Enterococcus_faecium.fa",
                "databases/bakta/db-light/amrfinderplus-db/latest/AMR_DNA-Enterococcus_faecium.fa.ndb",
                "databases/bakta/db-light/amrfinderplus-db/latest/AMR_DNA-Enterococcus_faecium.fa.nhr",
                "databases/bakta/db-light/amrfinderplus-db/latest/AMR_DNA-Enterococcus_faecium.fa.nin",
                "databases/bakta/db-light/amrfinderplus-db/latest/AMR_DNA-Enterococcus_faecium.fa.njs",
                "databases/bakta/db-light/amrfinderplus-db/latest/AMR_DNA-Enterococcus_faecium.fa.not",
                "databases/bakta/db-light/amrfinderplus-db/latest/AMR_DNA-Enterococcus_faecium.fa.nsq",
                "databases/bakta/db-light/amrfinderplus-db/latest/AMR_DNA-Enterococcus_faecium.fa.ntf",
                "databases/bakta/db-light/amrfinderplus-db/latest/AMR_DNA-Enterococcus_faecium.fa.nto",
                "databases/bakta/db-light/amrfinderplus-db/latest/AMR_DNA-Enterococcus_faecium.tsv",
                "databases/bakta/db-light/amrfinderplus-db/latest/AMR_DNA-Escherichia.fa",
                "databases/bakta/db-light/amrfinderplus-db/latest/AMR_DNA-Escherichia.fa.ndb",
                "databases/bakta/db-light/amrfinderplus-db/latest/AMR_DNA-Escherichia.fa.nhr",
                "databases/bakta/db-light/amrfinderplus-db/latest/AMR_DNA-Escherichia.fa.nin",
                "databases/bakta/db-light/amrfinderplus-db/latest/AMR_DNA-Escherichia.fa.njs",
                "databases/bakta/db-light/amrfinderplus-db/latest/AMR_DNA-Escherichia.fa.not",
                "databases/bakta/db-light/amrfinderplus-db/latest/AMR_DNA-Escherichia.fa.nsq",
                "databases/bakta/db-light/amrfinderplus-db/latest/AMR_DNA-Escherichia.fa.ntf",
                "databases/bakta/db-light/amrfinderplus-db/latest/AMR_DNA-Escherichia.fa.nto",
                "databases/bakta/db-light/amrfinderplus-db/latest/AMR_DNA-Escherichia.tsv",
                "databases/bakta/db-light/amrfinderplus-db/latest/AMR_DNA-Klebsiella_oxytoca.fa",
                "databases/bakta/db-light/amrfinderplus-db/latest/AMR_DNA-Klebsiella_oxytoca.fa.ndb",
                "databases/bakta/db-light/amrfinderplus-db/latest/AMR_DNA-Klebsiella_oxytoca.fa.nhr",
                "databases/bakta/db-light/amrfinderplus-db/latest/AMR_DNA-Klebsiella_oxytoca.fa.nin",
                "databases/bakta/db-light/amrfinderplus-db/latest/AMR_DNA-Klebsiella_oxytoca.fa.njs",
                "databases/bakta/db-light/amrfinderplus-db/latest/AMR_DNA-Klebsiella_oxytoca.fa.not",
                "databases/bakta/db-light/amrfinderplus-db/latest/AMR_DNA-Klebsiella_oxytoca.fa.nsq",
                "databases/bakta/db-light/amrfinderplus-db/latest/AMR_DNA-Klebsiella_oxytoca.fa.ntf",
                "databases/bakta/db-light/amrfinderplus-db/latest/AMR_DNA-Klebsiella_oxytoca.fa.nto",
                "databases/bakta/db-light/amrfinderplus-db/latest/AMR_DNA-Klebsiella_oxytoca.tsv",
                "databases/bakta/db-light/amrfinderplus-db/latest/AMR_DNA-Klebsiella_pneumoniae.fa",
                "databases/bakta/db-light/amrfinderplus-db/latest/AMR_DNA-Klebsiella_pneumoniae.fa.ndb",
                "databases/bakta/db-light/amrfinderplus-db/latest/AMR_DNA-Klebsiella_pneumoniae.fa.nhr",
                "databases/bakta/db-light/amrfinderplus-db/latest/AMR_DNA-Klebsiella_pneumoniae.fa.nin",
                "databases/bakta/db-light/amrfinderplus-db/latest/AMR_DNA-Klebsiella_pneumoniae.fa.njs",
                "databases/bakta/db-light/amrfinderplus-db/latest/AMR_DNA-Klebsiella_pneumoniae.fa.not",
                "databases/bakta/db-light/amrfinderplus-db/latest/AMR_DNA-Klebsiella_pneumoniae.fa.nsq",
                "databases/bakta/db-light/amrfinderplus-db/latest/AMR_DNA-Klebsiella_pneumoniae.fa.ntf",
                "databases/bakta/db-light/amrfinderplus-db/latest/AMR_DNA-Klebsiella_pneumoniae.fa.nto",
                "databases/bakta/db-light/amrfinderplus-db/latest/AMR_DNA-Klebsiella_pneumoniae.tsv",
                "databases/bakta/db-light/amrfinderplus-db/latest/AMR_DNA-Neisseria_gonorrhoeae.fa",
                "databases/bakta/db-light/amrfinderplus-db/latest/AMR_DNA-Neisseria_gonorrhoeae.fa.ndb",
                "databases/bakta/db-light/amrfinderplus-db/latest/AMR_DNA-Neisseria_gonorrhoeae.fa.nhr",
                "databases/bakta/db-light/amrfinderplus-db/latest/AMR_DNA-Neisseria_gonorrhoeae.fa.nin",
                "databases/bakta/db-light/amrfinderplus-db/latest/AMR_DNA-Neisseria_gonorrhoeae.fa.njs",
                "databases/bakta/db-light/amrfinderplus-db/latest/AMR_DNA-Neisseria_gonorrhoeae.fa.not",
                "databases/bakta/db-light/amrfinderplus-db/latest/AMR_DNA-Neisseria_gonorrhoeae.fa.nsq",
                "databases/bakta/db-light/amrfinderplus-db/latest/AMR_DNA-Neisseria_gonorrhoeae.fa.ntf",
                "databases/bakta/db-light/amrfinderplus-db/latest/AMR_DNA-Neisseria_gonorrhoeae.fa.nto",
                "databases/bakta/db-light/amrfinderplus-db/latest/AMR_DNA-Neisseria_gonorrhoeae.tsv",
                "databases/bakta/db-light/amrfinderplus-db/latest/AMR_DNA-Salmonella.fa",
                "databases/bakta/db-light/amrfinderplus-db/latest/AMR_DNA-Salmonella.fa.ndb",
                "databases/bakta/db-light/amrfinderplus-db/latest/AMR_DNA-Salmonella.fa.nhr",
                "databases/bakta/db-light/amrfinderplus-db/latest/AMR_DNA-Salmonella.fa.nin",
                "databases/bakta/db-light/amrfinderplus-db/latest/AMR_DNA-Salmonella.fa.njs",
                "databases/bakta/db-light/amrfinderplus-db/latest/AMR_DNA-Salmonella.fa.not",
                "databases/bakta/db-light/amrfinderplus-db/latest/AMR_DNA-Salmonella.fa.nsq",
                "databases/bakta/db-light/amrfinderplus-db/latest/AMR_DNA-Salmonella.fa.ntf",
                "databases/bakta/db-light/amrfinderplus-db/latest/AMR_DNA-Salmonella.fa.nto",
                "databases/bakta/db-light/amrfinderplus-db/latest/AMR_DNA-Salmonella.tsv",
                "databases/bakta/db-light/amrfinderplus-db/latest/AMR_DNA-Staphylococcus_aureus.fa",
                "databases/bakta/db-light/amrfinderplus-db/latest/AMR_DNA-Staphylococcus_aureus.fa.ndb",
                "databases/bakta/db-light/amrfinderplus-db/latest/AMR_DNA-Staphylococcus_aureus.fa.nhr",
                "databases/bakta/db-light/amrfinderplus-db/latest/AMR_DNA-Staphylococcus_aureus.fa.nin",
                "databases/bakta/db-light/amrfinderplus-db/latest/AMR_DNA-Staphylococcus_aureus.fa.njs",
                "databases/bakta/db-light/amrfinderplus-db/latest/AMR_DNA-Staphylococcus_aureus.fa.not",
                "databases/bakta/db-light/amrfinderplus-db/latest/AMR_DNA-Staphylococcus_aureus.fa.nsq",
                "databases/bakta/db-light/amrfinderplus-db/latest/AMR_DNA-Staphylococcus_aureus.fa.ntf",
                "databases/bakta/db-light/amrfinderplus-db/latest/AMR_DNA-Staphylococcus_aureus.fa.nto",
                "databases/bakta/db-light/amrfinderplus-db/latest/AMR_DNA-Staphylococcus_aureus.tsv",
                "databases/bakta/db-light/amrfinderplus-db/latest/AMR_DNA-Streptococcus_pneumoniae.fa",
                "databases/bakta/db-light/amrfinderplus-db/latest/AMR_DNA-Streptococcus_pneumoniae.fa.ndb",
                "databases/bakta/db-light/amrfinderplus-db/latest/AMR_DNA-Streptococcus_pneumoniae.fa.nhr",
                "databases/bakta/db-light/amrfinderplus-db/latest/AMR_DNA-Streptococcus_pneumoniae.fa.nin",
                "databases/bakta/db-light/amrfinderplus-db/latest/AMR_DNA-Streptococcus_pneumoniae.fa.njs",
                "databases/bakta/db-light/amrfinderplus-db/latest/AMR_DNA-Streptococcus_pneumoniae.fa.not",
                "databases/bakta/db-light/amrfinderplus-db/latest/AMR_DNA-Streptococcus_pneumoniae.fa.nsq",
                "databases/bakta/db-light/amrfinderplus-db/latest/AMR_DNA-Streptococcus_pneumoniae.fa.ntf",
                "databases/bakta/db-light/amrfinderplus-db/latest/AMR_DNA-Streptococcus_pneumoniae.fa.nto",
                "databases/bakta/db-light/amrfinderplus-db/latest/AMR_DNA-Streptococcus_pneumoniae.tsv",
                "databases/bakta/db-light/amrfinderplus-db/latest/changes.txt",
                "databases/bakta/db-light/amrfinderplus-db/latest/database_format_version.txt",
                "databases/bakta/db-light/amrfinderplus-db/latest/fam.tsv",
                "databases/bakta/db-light/amrfinderplus-db/latest/taxgroup.tsv",
                "databases/bakta/db-light/amrfinderplus-db/latest/version.txt",
                "databases/bakta/db-light/antifam.h3f",
                "databases/bakta/db-light/antifam.h3i",
                "databases/bakta/db-light/antifam.h3m",
                "databases/bakta/db-light/antifam.h3p",
                "databases/bakta/db-light/bakta.db",
                "databases/bakta/db-light/expert-protein-sequences.dmnd",
                "databases/bakta/db-light/ncRNA-genes.i1f",
                "databases/bakta/db-light/ncRNA-genes.i1i",
                "databases/bakta/db-light/ncRNA-genes.i1m",
                "databases/bakta/db-light/ncRNA-genes.i1p",
                "databases/bakta/db-light/ncRNA-regions.i1f",
                "databases/bakta/db-light/ncRNA-regions.i1i",
                "databases/bakta/db-light/ncRNA-regions.i1m",
                "databases/bakta/db-light/ncRNA-regions.i1p",
                "databases/bakta/db-light/oric.fna",
                "databases/bakta/db-light/orit.fna",
                "databases/bakta/db-light/pfam.h3f",
                "databases/bakta/db-light/pfam.h3i",
                "databases/bakta/db-light/pfam.h3m",
                "databases/bakta/db-light/pfam.h3p",
                "databases/bakta/db-light/pscc.dmnd",
                "databases/bakta/db-light/rRNA.i1f",
                "databases/bakta/db-light/rRNA.i1i",
                "databases/bakta/db-light/rRNA.i1m",
                "databases/bakta/db-light/rRNA.i1p",
                "databases/bakta/db-light/rfam-go.tsv",
                "databases/bakta/db-light/sorf.dmnd",
                "databases/bakta/db-light/version.json",
                "pipeline_info",
                "pipeline_info/nf_core_bacmodel_software_versions.yml",
                "summary",
                "summary/bacmodel_summary.tsv",
                "summary/versions.yml"
            ],
            [
                "AMR.LIB.h3f:md5,5f130046aea95a2a4c2a0ad01b45ef4e",
                "AMR.LIB.h3i:md5,c61ca63010ea28eb1ac99b9b6264b512",
                "AMR.LIB.h3m:md5,b677d13036ae587833ad8884f0266679",
                "AMR.LIB.h3p:md5,f9b3a1930bf5720f445315b324103dae",
                "AMRProt-mutation.tsv:md5,8e3ea98a82bed1afe7d2c4facf2212b2",
                "AMRProt-suppress.tsv:md5,7e653aba746345a6cb08d130fc8a9182",
                "AMRProt-susceptible.tsv:md5,8b9233c46217d861a138ce49cefcb13e",
                "AMRProt.fa.pdb:md5,d166112ed416a1918e556b0ebde9b434",
                "AMRProt.fa.phr:md5,ba67e4a89ca755a7ca93256d4005170e",
                "AMRProt.fa.pin:md5,52773559251b46bbf3579f8eca158c17",
                "AMRProt.fa.pjs:md5,13a33deab2897eeb634c31eea62db8d5",
                "AMRProt.fa.pot:md5,d3fbb5b18d477dba4d406f50bde03fb7",
                "AMRProt.fa.psq:md5,42297731cc7ff91f943e834b22e02208",
                "AMRProt.fa.ptf:md5,de1250813f0c7affc6d12dac9d0fb6bb",
                "AMRProt.fa.pto:md5,cdc27d138c77d62603078bd839fe6fc4",
                "database_format_version.txt:md5,26d974aa02a37dd745f2c3ce68a7f678",
                "fam.tsv:md5,2498b3a8d51d181314b177e1139a909a",
                "taxgroup.tsv:md5,2978ba3674e4550ec87490d94e15fec0",
                "version.txt:md5,4c8e8048490e4bf79a0f28be40aa277c",
                "AMR.LIB:md5,78c1264c0ad025edfc3bfc60af92f6a8",
                "AMR.LIB.h3f:md5,e56b87e0fdea6d72176abb1f7f8a6adf",
                "AMR.LIB.h3i:md5,3a700d5e2e028a84077a31bd9f719fc2",
                "AMR.LIB.h3m:md5,095a91401515c254a43765e767e2ce54",
                "AMR.LIB.h3p:md5,c2a7dac0267bc2fe385c073a28a54678",
                "AMRProt-mutation.tsv:md5,75e77d459053f909730390f63b969c93",
                "AMRProt-suppress.tsv:md5,10ae803343960788371af339bdd41c61",
                "AMRProt-susceptible.fa:md5,4c8672bcca28609eeb2174f9b0d9d3dd",
                "AMRProt-susceptible.tsv:md5,fd35fb906c4f387ceecaaba3849725c4",
                "AMRProt.fa:md5,4629ac6d5be80045a2c8e2d7fcfbede5",
                "AMRProt.fa.pdb:md5,968003b962825043323a81d8f8fd4b94",
                "AMRProt.fa.phr:md5,18fe90ade7a9ccad8c03c880ff48a226",
                "AMRProt.fa.pin:md5,053458e4d4071a79b0e24429302a5c1d",
                "AMRProt.fa.pjs:md5,75771b8c12dfd31fbfe82e5c9c965da0",
                "AMRProt.fa.pot:md5,257451c4c8eb8693678931da75374a7c",
                "AMRProt.fa.psq:md5,f819b3093b1c72004636c495c9690da5",
                "AMRProt.fa.ptf:md5,de1250813f0c7affc6d12dac9d0fb6bb",
                "AMRProt.fa.pto:md5,e0ae0175c9a4fc86c61b6956b4ac1d5b",
                "AMR_CDS.fa:md5,94ae1185332e01f13b221db5ce02d4b9",
                "AMR_CDS.fa.ndb:md5,dc786603f6d7e55c92a528873158cea6",
                "AMR_CDS.fa.nhr:md5,f9a777391be7dfa45ba0f923464002ba",
                "AMR_CDS.fa.nin:md5,a86713288f683cd37f9cd191c2bc1d80",
                "AMR_CDS.fa.njs:md5,97c7fd6371b85e52203dba544ec336dd",
                "AMR_CDS.fa.not:md5,9210d77b93fe0b400006df3c01bc14cf",
                "AMR_CDS.fa.nsq:md5,3c4d9d0248794ad21461125fcb2456fd",
                "AMR_CDS.fa.ntf:md5,de1250813f0c7affc6d12dac9d0fb6bb",
                "AMR_CDS.fa.nto:md5,917da3d6abc1e060b08236bbaef7c174",
                "AMR_DNA-Acinetobacter_baumannii.fa:md5,28779658bd28aaa761d85cb8569735e6",
                "AMR_DNA-Acinetobacter_baumannii.fa.ndb:md5,04d575f397a8197a83bebe8f7b6ed79a",
                "AMR_DNA-Acinetobacter_baumannii.fa.nhr:md5,581b474ff41e9ed8e7c2ea8930acaf31",
                "AMR_DNA-Acinetobacter_baumannii.fa.nin:md5,f02d71eaab116aad4a832a85f7eeb89e",
                "AMR_DNA-Acinetobacter_baumannii.fa.njs:md5,5d65868d0a7058575368f92a3829e8d9",
                "AMR_DNA-Acinetobacter_baumannii.fa.not:md5,1e53e9d08f1d23af0299cfa87478a7bb",
                "AMR_DNA-Acinetobacter_baumannii.fa.nsq:md5,10ca149bee7ad8ec6bbfa9b07ebf87c6",
                "AMR_DNA-Acinetobacter_baumannii.fa.ntf:md5,de1250813f0c7affc6d12dac9d0fb6bb",
                "AMR_DNA-Acinetobacter_baumannii.fa.nto:md5,33cdeccccebe80329f1fdbee7f5874cb",
                "AMR_DNA-Acinetobacter_baumannii.tsv:md5,cb8da7b95c5b6b9aa21fb5409e86e68d",
                "AMR_DNA-Bordetella_pertussis.fa:md5,8824cfb6e71a9331dcb662ad811cc1d9",
                "AMR_DNA-Bordetella_pertussis.fa.ndb:md5,d7e413124fd114cb393d4b7e7732ed20",
                "AMR_DNA-Bordetella_pertussis.fa.nhr:md5,73b6b0f0fc51a007d010d1c4fcaa89fa",
                "AMR_DNA-Bordetella_pertussis.fa.nin:md5,3fbaa94727b701efee50503cb9dff4f9",
                "AMR_DNA-Bordetella_pertussis.fa.njs:md5,03cc662a5dc7d1ad15f97e1dc92157d2",
                "AMR_DNA-Bordetella_pertussis.fa.not:md5,1e53e9d08f1d23af0299cfa87478a7bb",
                "AMR_DNA-Bordetella_pertussis.fa.nsq:md5,487b8cc9099d5a41fa53cb23bc138be8",
                "AMR_DNA-Bordetella_pertussis.fa.ntf:md5,de1250813f0c7affc6d12dac9d0fb6bb",
                "AMR_DNA-Bordetella_pertussis.fa.nto:md5,33cdeccccebe80329f1fdbee7f5874cb",
                "AMR_DNA-Bordetella_pertussis.tsv:md5,596da2d7129f6d0d77aab1459e32b764",
                "AMR_DNA-Campylobacter.fa:md5,b3908fc391bcc1b8824f2115717a1833",
                "AMR_DNA-Campylobacter.fa.ndb:md5,cceb12328e11ac0958d481b0303919f5",
                "AMR_DNA-Campylobacter.fa.nhr:md5,dfdb2796c03e13de0e2f258741bf934e",
                "AMR_DNA-Campylobacter.fa.nin:md5,2cef5e995b0218d6e38ef60753932c61",
                "AMR_DNA-Campylobacter.fa.njs:md5,abce9ee79c87955941c3c358201a050f",
                "AMR_DNA-Campylobacter.fa.not:md5,fb5be3136809452f9a6fd0bf3262e010",
                "AMR_DNA-Campylobacter.fa.nsq:md5,165a8743ddc2010c789297f71625e0a8",
                "AMR_DNA-Campylobacter.fa.ntf:md5,de1250813f0c7affc6d12dac9d0fb6bb",
                "AMR_DNA-Campylobacter.fa.nto:md5,2b8b1f50d4dec31ab35a32e5ed27d16f",
                "AMR_DNA-Campylobacter.tsv:md5,f6a626b4901e1a33079437f00c2bc1ed",
                "AMR_DNA-Clostridioides_difficile.fa:md5,3464318edafc2f661274be7312c9d0f0",
                "AMR_DNA-Clostridioides_difficile.fa.ndb:md5,ebb06b21c6f13054cb0138ef38284ffa",
                "AMR_DNA-Clostridioides_difficile.fa.nhr:md5,f638e390773a48c2af5fb79e12713e39",
                "AMR_DNA-Clostridioides_difficile.fa.nin:md5,167e004427724abf0c34bed5aaa83363",
                "AMR_DNA-Clostridioides_difficile.fa.njs:md5,8520bc3906f2bbd3ecc0005a2eec6eed",
                "AMR_DNA-Clostridioides_difficile.fa.not:md5,7b73614c2886a32af115bf8611bec880",
                "AMR_DNA-Clostridioides_difficile.fa.nsq:md5,e34ec95e4426199d5550c23bc8ae9f8f",
                "AMR_DNA-Clostridioides_difficile.fa.ntf:md5,de1250813f0c7affc6d12dac9d0fb6bb",
                "AMR_DNA-Clostridioides_difficile.fa.nto:md5,9c804b88b57028563115f330887de329",
                "AMR_DNA-Clostridioides_difficile.tsv:md5,5fe702fc092b8e92ab2c830644dd77ab",
                "AMR_DNA-Enterococcus_faecalis.fa:md5,396b23c85b4582e88e9c78c2cbc3f3e8",
                "AMR_DNA-Enterococcus_faecalis.fa.ndb:md5,e7183a83d7d5e43e4f98c3207ba21838",
                "AMR_DNA-Enterococcus_faecalis.fa.nhr:md5,fd485bec726f48f097e764056ed30709",
                "AMR_DNA-Enterococcus_faecalis.fa.nin:md5,ab07fa7f166eb311c283e5976c765916",
                "AMR_DNA-Enterococcus_faecalis.fa.njs:md5,3fcf1f0033a78b509d1191b1d29f2778",
                "AMR_DNA-Enterococcus_faecalis.fa.not:md5,1e53e9d08f1d23af0299cfa87478a7bb",
                "AMR_DNA-Enterococcus_faecalis.fa.nsq:md5,f3563cd54efb33e3727772cad05cdee4",
                "AMR_DNA-Enterococcus_faecalis.fa.ntf:md5,de1250813f0c7affc6d12dac9d0fb6bb",
                "AMR_DNA-Enterococcus_faecalis.fa.nto:md5,33cdeccccebe80329f1fdbee7f5874cb",
                "AMR_DNA-Enterococcus_faecalis.tsv:md5,68a5075f2731835adda0639bc8aacf69",
                "AMR_DNA-Enterococcus_faecium.fa:md5,01d707f308d7c601950ab1e4176a3377",
                "AMR_DNA-Enterococcus_faecium.fa.ndb:md5,5a515e32b6b282ed0f59c2ffdbed5067",
                "AMR_DNA-Enterococcus_faecium.fa.nhr:md5,f1c93359a3a0c731adfb1fa11efd4640",
                "AMR_DNA-Enterococcus_faecium.fa.nin:md5,0cecf1ac11d0985d62d7e61ae1080dba",
                "AMR_DNA-Enterococcus_faecium.fa.njs:md5,ac9981675af054a549f71a737c49569f",
                "AMR_DNA-Enterococcus_faecium.fa.not:md5,1e53e9d08f1d23af0299cfa87478a7bb",
                "AMR_DNA-Enterococcus_faecium.fa.nsq:md5,94b224dcd1cfec6be27f36fb6f7b5ee4",
                "AMR_DNA-Enterococcus_faecium.fa.ntf:md5,de1250813f0c7affc6d12dac9d0fb6bb",
                "AMR_DNA-Enterococcus_faecium.fa.nto:md5,33cdeccccebe80329f1fdbee7f5874cb",
                "AMR_DNA-Enterococcus_faecium.tsv:md5,7b252c387f449a9a13a0bc2262651935",
                "AMR_DNA-Escherichia.fa:md5,55ce5264cc01c7ab3b456c89d8f1f894",
                "AMR_DNA-Escherichia.fa.ndb:md5,8d27cdd8d612bc85913891ca83f2c8e6",
                "AMR_DNA-Escherichia.fa.nhr:md5,9fe8a2006656362eda59acf473f55d8c",
                "AMR_DNA-Escherichia.fa.nin:md5,d0df0bb52e36f882c4024096808d8a76",
                "AMR_DNA-Escherichia.fa.njs:md5,c9aa15b8a62a5d4b74700757c66a333a",
                "AMR_DNA-Escherichia.fa.not:md5,667c9af4cfdc07e4bbb6ef858e9e6fb3",
                "AMR_DNA-Escherichia.fa.nsq:md5,de7115d007015acad01fd0dc7b93ce19",
                "AMR_DNA-Escherichia.fa.ntf:md5,de1250813f0c7affc6d12dac9d0fb6bb",
                "AMR_DNA-Escherichia.fa.nto:md5,afd0f544d132c4f72e97c866cc192fe1",
                "AMR_DNA-Escherichia.tsv:md5,c501d768051ce0f1aac02f3201015ad2",
                "AMR_DNA-Klebsiella_oxytoca.fa:md5,e9757e23de834fe0c3f034c76f76213a",
                "AMR_DNA-Klebsiella_oxytoca.fa.ndb:md5,c0b048bf33b30e1eb71c635b953ccaf3",
                "AMR_DNA-Klebsiella_oxytoca.fa.nhr:md5,ab9d9e879cbbd47ecb073fc9ae9b8d2f",
                "AMR_DNA-Klebsiella_oxytoca.fa.nin:md5,c97d753bc08c9f7b6adbb86d3d7b2020",
                "AMR_DNA-Klebsiella_oxytoca.fa.njs:md5,628b92f13dd3277f0e97287824df93ae",
                "AMR_DNA-Klebsiella_oxytoca.fa.not:md5,1e53e9d08f1d23af0299cfa87478a7bb",
                "AMR_DNA-Klebsiella_oxytoca.fa.nsq:md5,0889449d43ae0b260736bc38aa866083",
                "AMR_DNA-Klebsiella_oxytoca.fa.ntf:md5,de1250813f0c7affc6d12dac9d0fb6bb",
                "AMR_DNA-Klebsiella_oxytoca.fa.nto:md5,33cdeccccebe80329f1fdbee7f5874cb",
                "AMR_DNA-Klebsiella_oxytoca.tsv:md5,f3ec2a5cc0b85261796d307b8d0db9c2",
                "AMR_DNA-Klebsiella_pneumoniae.fa:md5,5076ac07711ced6314687cd96634701d",
                "AMR_DNA-Klebsiella_pneumoniae.fa.ndb:md5,d2712e2fa9bea19a67d0c5ce46109cdb",
                "AMR_DNA-Klebsiella_pneumoniae.fa.nhr:md5,62e11881e51afe944f3b1d5febdc1c11",
                "AMR_DNA-Klebsiella_pneumoniae.fa.nin:md5,35f2c3d36aafc9913b905927dfddd9b8",
                "AMR_DNA-Klebsiella_pneumoniae.fa.njs:md5,cc45370bdb09df150085bda326ebaa8c",
                "AMR_DNA-Klebsiella_pneumoniae.fa.not:md5,1e53e9d08f1d23af0299cfa87478a7bb",
                "AMR_DNA-Klebsiella_pneumoniae.fa.nsq:md5,4c886c4a02f3ac7245cfcc35053d4c23",
                "AMR_DNA-Klebsiella_pneumoniae.fa.ntf:md5,de1250813f0c7affc6d12dac9d0fb6bb",
                "AMR_DNA-Klebsiella_pneumoniae.fa.nto:md5,33cdeccccebe80329f1fdbee7f5874cb",
                "AMR_DNA-Klebsiella_pneumoniae.tsv:md5,597cfca9f35edcaab1c011a782ed81a2",
                "AMR_DNA-Neisseria_gonorrhoeae.fa:md5,6832d8ecea304806830f254a4b2bacf1",
                "AMR_DNA-Neisseria_gonorrhoeae.fa.ndb:md5,80c5c5e5de627ff47cb9acdb3af4d7b0",
                "AMR_DNA-Neisseria_gonorrhoeae.fa.nhr:md5,bf52442ffc619eb9e7e39e4d4106e583",
                "AMR_DNA-Neisseria_gonorrhoeae.fa.nin:md5,82163c50a95dab83d63f675bffea27f5",
                "AMR_DNA-Neisseria_gonorrhoeae.fa.njs:md5,89990ec696dd21ac7991e8244b47401c",
                "AMR_DNA-Neisseria_gonorrhoeae.fa.not:md5,0d634bbc846724bcf18d4dd3404c7902",
                "AMR_DNA-Neisseria_gonorrhoeae.fa.nsq:md5,ee7028e32e2238d36f62a41d6cc9693f",
                "AMR_DNA-Neisseria_gonorrhoeae.fa.ntf:md5,de1250813f0c7affc6d12dac9d0fb6bb",
                "AMR_DNA-Neisseria_gonorrhoeae.fa.nto:md5,c1107debee8ee834a6d9383035dfe8a1",
                "AMR_DNA-Neisseria_gonorrhoeae.tsv:md5,df645e78f2863ff224a9bd7290b0f2e2",
                "AMR_DNA-Salmonella.fa:md5,c1961eb24a4c1224b052ca624d688423",
                "AMR_DNA-Salmonella.fa.ndb:md5,703735e0c8d5c26cd19b48285a58bd31",
                "AMR_DNA-Salmonella.fa.nhr:md5,469f97cd966b62d5b1392b5ccf088806",
                "AMR_DNA-Salmonella.fa.nin:md5,467d9cd4c47556727c5243ba8ebb9492",
                "AMR_DNA-Salmonella.fa.njs:md5,7dd78c9ab9d4cd65e378afe4722a63ab",
                "AMR_DNA-Salmonella.fa.not:md5,1e53e9d08f1d23af0299cfa87478a7bb",
                "AMR_DNA-Salmonella.fa.nsq:md5,b33114b21b603d37181be80bc0286e12",
                "AMR_DNA-Salmonella.fa.ntf:md5,de1250813f0c7affc6d12dac9d0fb6bb",
                "AMR_DNA-Salmonella.fa.nto:md5,33cdeccccebe80329f1fdbee7f5874cb",
                "AMR_DNA-Salmonella.tsv:md5,0fe717142e01d4f5c9261619527a220b",
                "AMR_DNA-Staphylococcus_aureus.fa:md5,8fea013f0fd4d5e7f6dbaa87f1549ad8",
                "AMR_DNA-Staphylococcus_aureus.fa.ndb:md5,9195b56a285912a6eda3a97c4c861514",
                "AMR_DNA-Staphylococcus_aureus.fa.nhr:md5,54c3d0244cac5cefba5cf5cebdc59201",
                "AMR_DNA-Staphylococcus_aureus.fa.nin:md5,74537b5640d1b8758560d3c820f63c5b",
                "AMR_DNA-Staphylococcus_aureus.fa.njs:md5,9207245a8d326715f46162d50db26288",
                "AMR_DNA-Staphylococcus_aureus.fa.not:md5,7b73614c2886a32af115bf8611bec880",
                "AMR_DNA-Staphylococcus_aureus.fa.nsq:md5,81e9a0f0278a72f5eb8b195c275f63ca",
                "AMR_DNA-Staphylococcus_aureus.fa.ntf:md5,de1250813f0c7affc6d12dac9d0fb6bb",
                "AMR_DNA-Staphylococcus_aureus.fa.nto:md5,9c804b88b57028563115f330887de329",
                "AMR_DNA-Staphylococcus_aureus.tsv:md5,b035060022b89bea7fb98a6ac3239faf",
                "AMR_DNA-Streptococcus_pneumoniae.fa:md5,66fe38f3f0ca0a0fb35392f38cf57d40",
                "AMR_DNA-Streptococcus_pneumoniae.fa.ndb:md5,e4679758586f0438166b389c1d385713",
                "AMR_DNA-Streptococcus_pneumoniae.fa.nhr:md5,812dd6c00e711c28c78df3520f30a7e6",
                "AMR_DNA-Streptococcus_pneumoniae.fa.nin:md5,dc0df7579fca55ac6a4ee8d461b1ffaa",
                "AMR_DNA-Streptococcus_pneumoniae.fa.njs:md5,13f87c3bbc9c36d56a234cd40341608e",
                "AMR_DNA-Streptococcus_pneumoniae.fa.not:md5,1e53e9d08f1d23af0299cfa87478a7bb",
                "AMR_DNA-Streptococcus_pneumoniae.fa.nsq:md5,98ac5228cebcec9a5e68294e0f17b588",
                "AMR_DNA-Streptococcus_pneumoniae.fa.ntf:md5,de1250813f0c7affc6d12dac9d0fb6bb",
                "AMR_DNA-Streptococcus_pneumoniae.fa.nto:md5,33cdeccccebe80329f1fdbee7f5874cb",
                "AMR_DNA-Streptococcus_pneumoniae.tsv:md5,42ec41450e7d6e418d62703be6ba2ecd",
                "changes.txt:md5,898ba423e87b94c2256ded8f348b64d6",
                "database_format_version.txt:md5,3d3e24f7cb6d5ffc50e20a45dc94a52e",
                "fam.tsv:md5,b9b951f36c3524b60ea48495beb07152",
                "taxgroup.tsv:md5,5968ee960d2b02475aa5dc91d2f331eb",
                "version.txt:md5,8c3de0efa6ad9ee2491b7fc2285eda97",
                "AMR.LIB:md5,78c1264c0ad025edfc3bfc60af92f6a8",
                "AMR.LIB.h3f:md5,e56b87e0fdea6d72176abb1f7f8a6adf",
                "AMR.LIB.h3i:md5,3a700d5e2e028a84077a31bd9f719fc2",
                "AMR.LIB.h3m:md5,095a91401515c254a43765e767e2ce54",
                "AMR.LIB.h3p:md5,c2a7dac0267bc2fe385c073a28a54678",
                "AMRProt-mutation.tsv:md5,75e77d459053f909730390f63b969c93",
                "AMRProt-suppress.tsv:md5,10ae803343960788371af339bdd41c61",
                "AMRProt-susceptible.fa:md5,4c8672bcca28609eeb2174f9b0d9d3dd",
                "AMRProt-susceptible.tsv:md5,fd35fb906c4f387ceecaaba3849725c4",
                "AMRProt.fa:md5,4629ac6d5be80045a2c8e2d7fcfbede5",
                "AMRProt.fa.pdb:md5,968003b962825043323a81d8f8fd4b94",
                "AMRProt.fa.phr:md5,18fe90ade7a9ccad8c03c880ff48a226",
                "AMRProt.fa.pin:md5,053458e4d4071a79b0e24429302a5c1d",
                "AMRProt.fa.pjs:md5,75771b8c12dfd31fbfe82e5c9c965da0",
                "AMRProt.fa.pot:md5,257451c4c8eb8693678931da75374a7c",
                "AMRProt.fa.psq:md5,f819b3093b1c72004636c495c9690da5",
                "AMRProt.fa.ptf:md5,de1250813f0c7affc6d12dac9d0fb6bb",
                "AMRProt.fa.pto:md5,e0ae0175c9a4fc86c61b6956b4ac1d5b",
                "AMR_CDS.fa:md5,94ae1185332e01f13b221db5ce02d4b9",
                "AMR_CDS.fa.ndb:md5,dc786603f6d7e55c92a528873158cea6",
                "AMR_CDS.fa.nhr:md5,f9a777391be7dfa45ba0f923464002ba",
                "AMR_CDS.fa.nin:md5,a86713288f683cd37f9cd191c2bc1d80",
                "AMR_CDS.fa.njs:md5,97c7fd6371b85e52203dba544ec336dd",
                "AMR_CDS.fa.not:md5,9210d77b93fe0b400006df3c01bc14cf",
                "AMR_CDS.fa.nsq:md5,3c4d9d0248794ad21461125fcb2456fd",
                "AMR_CDS.fa.ntf:md5,de1250813f0c7affc6d12dac9d0fb6bb",
                "AMR_CDS.fa.nto:md5,917da3d6abc1e060b08236bbaef7c174",
                "AMR_DNA-Acinetobacter_baumannii.fa:md5,28779658bd28aaa761d85cb8569735e6",
                "AMR_DNA-Acinetobacter_baumannii.fa.ndb:md5,04d575f397a8197a83bebe8f7b6ed79a",
                "AMR_DNA-Acinetobacter_baumannii.fa.nhr:md5,581b474ff41e9ed8e7c2ea8930acaf31",
                "AMR_DNA-Acinetobacter_baumannii.fa.nin:md5,f02d71eaab116aad4a832a85f7eeb89e",
                "AMR_DNA-Acinetobacter_baumannii.fa.njs:md5,5d65868d0a7058575368f92a3829e8d9",
                "AMR_DNA-Acinetobacter_baumannii.fa.not:md5,1e53e9d08f1d23af0299cfa87478a7bb",
                "AMR_DNA-Acinetobacter_baumannii.fa.nsq:md5,10ca149bee7ad8ec6bbfa9b07ebf87c6",
                "AMR_DNA-Acinetobacter_baumannii.fa.ntf:md5,de1250813f0c7affc6d12dac9d0fb6bb",
                "AMR_DNA-Acinetobacter_baumannii.fa.nto:md5,33cdeccccebe80329f1fdbee7f5874cb",
                "AMR_DNA-Acinetobacter_baumannii.tsv:md5,cb8da7b95c5b6b9aa21fb5409e86e68d",
                "AMR_DNA-Bordetella_pertussis.fa:md5,8824cfb6e71a9331dcb662ad811cc1d9",
                "AMR_DNA-Bordetella_pertussis.fa.ndb:md5,d7e413124fd114cb393d4b7e7732ed20",
                "AMR_DNA-Bordetella_pertussis.fa.nhr:md5,73b6b0f0fc51a007d010d1c4fcaa89fa",
                "AMR_DNA-Bordetella_pertussis.fa.nin:md5,3fbaa94727b701efee50503cb9dff4f9",
                "AMR_DNA-Bordetella_pertussis.fa.njs:md5,03cc662a5dc7d1ad15f97e1dc92157d2",
                "AMR_DNA-Bordetella_pertussis.fa.not:md5,1e53e9d08f1d23af0299cfa87478a7bb",
                "AMR_DNA-Bordetella_pertussis.fa.nsq:md5,487b8cc9099d5a41fa53cb23bc138be8",
                "AMR_DNA-Bordetella_pertussis.fa.ntf:md5,de1250813f0c7affc6d12dac9d0fb6bb",
                "AMR_DNA-Bordetella_pertussis.fa.nto:md5,33cdeccccebe80329f1fdbee7f5874cb",
                "AMR_DNA-Bordetella_pertussis.tsv:md5,596da2d7129f6d0d77aab1459e32b764",
                "AMR_DNA-Campylobacter.fa:md5,b3908fc391bcc1b8824f2115717a1833",
                "AMR_DNA-Campylobacter.fa.ndb:md5,cceb12328e11ac0958d481b0303919f5",
                "AMR_DNA-Campylobacter.fa.nhr:md5,dfdb2796c03e13de0e2f258741bf934e",
                "AMR_DNA-Campylobacter.fa.nin:md5,2cef5e995b0218d6e38ef60753932c61",
                "AMR_DNA-Campylobacter.fa.njs:md5,abce9ee79c87955941c3c358201a050f",
                "AMR_DNA-Campylobacter.fa.not:md5,fb5be3136809452f9a6fd0bf3262e010",
                "AMR_DNA-Campylobacter.fa.nsq:md5,165a8743ddc2010c789297f71625e0a8",
                "AMR_DNA-Campylobacter.fa.ntf:md5,de1250813f0c7affc6d12dac9d0fb6bb",
                "AMR_DNA-Campylobacter.fa.nto:md5,2b8b1f50d4dec31ab35a32e5ed27d16f",
                "AMR_DNA-Campylobacter.tsv:md5,f6a626b4901e1a33079437f00c2bc1ed",
                "AMR_DNA-Clostridioides_difficile.fa:md5,3464318edafc2f661274be7312c9d0f0",
                "AMR_DNA-Clostridioides_difficile.fa.ndb:md5,ebb06b21c6f13054cb0138ef38284ffa",
                "AMR_DNA-Clostridioides_difficile.fa.nhr:md5,f638e390773a48c2af5fb79e12713e39",
                "AMR_DNA-Clostridioides_difficile.fa.nin:md5,167e004427724abf0c34bed5aaa83363",
                "AMR_DNA-Clostridioides_difficile.fa.njs:md5,8520bc3906f2bbd3ecc0005a2eec6eed",
                "AMR_DNA-Clostridioides_difficile.fa.not:md5,7b73614c2886a32af115bf8611bec880",
                "AMR_DNA-Clostridioides_difficile.fa.nsq:md5,e34ec95e4426199d5550c23bc8ae9f8f",
                "AMR_DNA-Clostridioides_difficile.fa.ntf:md5,de1250813f0c7affc6d12dac9d0fb6bb",
                "AMR_DNA-Clostridioides_difficile.fa.nto:md5,9c804b88b57028563115f330887de329",
                "AMR_DNA-Clostridioides_difficile.tsv:md5,5fe702fc092b8e92ab2c830644dd77ab",
                "AMR_DNA-Enterococcus_faecalis.fa:md5,396b23c85b4582e88e9c78c2cbc3f3e8",
                "AMR_DNA-Enterococcus_faecalis.fa.ndb:md5,e7183a83d7d5e43e4f98c3207ba21838",
                "AMR_DNA-Enterococcus_faecalis.fa.nhr:md5,fd485bec726f48f097e764056ed30709",
                "AMR_DNA-Enterococcus_faecalis.fa.nin:md5,ab07fa7f166eb311c283e5976c765916",
                "AMR_DNA-Enterococcus_faecalis.fa.njs:md5,3fcf1f0033a78b509d1191b1d29f2778",
                "AMR_DNA-Enterococcus_faecalis.fa.not:md5,1e53e9d08f1d23af0299cfa87478a7bb",
                "AMR_DNA-Enterococcus_faecalis.fa.nsq:md5,f3563cd54efb33e3727772cad05cdee4",
                "AMR_DNA-Enterococcus_faecalis.fa.ntf:md5,de1250813f0c7affc6d12dac9d0fb6bb",
                "AMR_DNA-Enterococcus_faecalis.fa.nto:md5,33cdeccccebe80329f1fdbee7f5874cb",
                "AMR_DNA-Enterococcus_faecalis.tsv:md5,68a5075f2731835adda0639bc8aacf69",
                "AMR_DNA-Enterococcus_faecium.fa:md5,01d707f308d7c601950ab1e4176a3377",
                "AMR_DNA-Enterococcus_faecium.fa.ndb:md5,5a515e32b6b282ed0f59c2ffdbed5067",
                "AMR_DNA-Enterococcus_faecium.fa.nhr:md5,f1c93359a3a0c731adfb1fa11efd4640",
                "AMR_DNA-Enterococcus_faecium.fa.nin:md5,0cecf1ac11d0985d62d7e61ae1080dba",
                "AMR_DNA-Enterococcus_faecium.fa.njs:md5,ac9981675af054a549f71a737c49569f",
                "AMR_DNA-Enterococcus_faecium.fa.not:md5,1e53e9d08f1d23af0299cfa87478a7bb",
                "AMR_DNA-Enterococcus_faecium.fa.nsq:md5,94b224dcd1cfec6be27f36fb6f7b5ee4",
                "AMR_DNA-Enterococcus_faecium.fa.ntf:md5,de1250813f0c7affc6d12dac9d0fb6bb",
                "AMR_DNA-Enterococcus_faecium.fa.nto:md5,33cdeccccebe80329f1fdbee7f5874cb",
                "AMR_DNA-Enterococcus_faecium.tsv:md5,7b252c387f449a9a13a0bc2262651935",
                "AMR_DNA-Escherichia.fa:md5,55ce5264cc01c7ab3b456c89d8f1f894",
                "AMR_DNA-Escherichia.fa.ndb:md5,8d27cdd8d612bc85913891ca83f2c8e6",
                "AMR_DNA-Escherichia.fa.nhr:md5,9fe8a2006656362eda59acf473f55d8c",
                "AMR_DNA-Escherichia.fa.nin:md5,d0df0bb52e36f882c4024096808d8a76",
                "AMR_DNA-Escherichia.fa.njs:md5,c9aa15b8a62a5d4b74700757c66a333a",
                "AMR_DNA-Escherichia.fa.not:md5,667c9af4cfdc07e4bbb6ef858e9e6fb3",
                "AMR_DNA-Escherichia.fa.nsq:md5,de7115d007015acad01fd0dc7b93ce19",
                "AMR_DNA-Escherichia.fa.ntf:md5,de1250813f0c7affc6d12dac9d0fb6bb",
                "AMR_DNA-Escherichia.fa.nto:md5,afd0f544d132c4f72e97c866cc192fe1",
                "AMR_DNA-Escherichia.tsv:md5,c501d768051ce0f1aac02f3201015ad2",
                "AMR_DNA-Klebsiella_oxytoca.fa:md5,e9757e23de834fe0c3f034c76f76213a",
                "AMR_DNA-Klebsiella_oxytoca.fa.ndb:md5,c0b048bf33b30e1eb71c635b953ccaf3",
                "AMR_DNA-Klebsiella_oxytoca.fa.nhr:md5,ab9d9e879cbbd47ecb073fc9ae9b8d2f",
                "AMR_DNA-Klebsiella_oxytoca.fa.nin:md5,c97d753bc08c9f7b6adbb86d3d7b2020",
                "AMR_DNA-Klebsiella_oxytoca.fa.njs:md5,628b92f13dd3277f0e97287824df93ae",
                "AMR_DNA-Klebsiella_oxytoca.fa.not:md5,1e53e9d08f1d23af0299cfa87478a7bb",
                "AMR_DNA-Klebsiella_oxytoca.fa.nsq:md5,0889449d43ae0b260736bc38aa866083",
                "AMR_DNA-Klebsiella_oxytoca.fa.ntf:md5,de1250813f0c7affc6d12dac9d0fb6bb",
                "AMR_DNA-Klebsiella_oxytoca.fa.nto:md5,33cdeccccebe80329f1fdbee7f5874cb",
                "AMR_DNA-Klebsiella_oxytoca.tsv:md5,f3ec2a5cc0b85261796d307b8d0db9c2",
                "AMR_DNA-Klebsiella_pneumoniae.fa:md5,5076ac07711ced6314687cd96634701d",
                "AMR_DNA-Klebsiella_pneumoniae.fa.ndb:md5,d2712e2fa9bea19a67d0c5ce46109cdb",
                "AMR_DNA-Klebsiella_pneumoniae.fa.nhr:md5,62e11881e51afe944f3b1d5febdc1c11",
                "AMR_DNA-Klebsiella_pneumoniae.fa.nin:md5,35f2c3d36aafc9913b905927dfddd9b8",
                "AMR_DNA-Klebsiella_pneumoniae.fa.njs:md5,cc45370bdb09df150085bda326ebaa8c",
                "AMR_DNA-Klebsiella_pneumoniae.fa.not:md5,1e53e9d08f1d23af0299cfa87478a7bb",
                "AMR_DNA-Klebsiella_pneumoniae.fa.nsq:md5,4c886c4a02f3ac7245cfcc35053d4c23",
                "AMR_DNA-Klebsiella_pneumoniae.fa.ntf:md5,de1250813f0c7affc6d12dac9d0fb6bb",
                "AMR_DNA-Klebsiella_pneumoniae.fa.nto:md5,33cdeccccebe80329f1fdbee7f5874cb",
                "AMR_DNA-Klebsiella_pneumoniae.tsv:md5,597cfca9f35edcaab1c011a782ed81a2",
                "AMR_DNA-Neisseria_gonorrhoeae.fa:md5,6832d8ecea304806830f254a4b2bacf1",
                "AMR_DNA-Neisseria_gonorrhoeae.fa.ndb:md5,80c5c5e5de627ff47cb9acdb3af4d7b0",
                "AMR_DNA-Neisseria_gonorrhoeae.fa.nhr:md5,bf52442ffc619eb9e7e39e4d4106e583",
                "AMR_DNA-Neisseria_gonorrhoeae.fa.nin:md5,82163c50a95dab83d63f675bffea27f5",
                "AMR_DNA-Neisseria_gonorrhoeae.fa.njs:md5,89990ec696dd21ac7991e8244b47401c",
                "AMR_DNA-Neisseria_gonorrhoeae.fa.not:md5,0d634bbc846724bcf18d4dd3404c7902",
                "AMR_DNA-Neisseria_gonorrhoeae.fa.nsq:md5,ee7028e32e2238d36f62a41d6cc9693f",
                "AMR_DNA-Neisseria_gonorrhoeae.fa.ntf:md5,de1250813f0c7affc6d12dac9d0fb6bb",
                "AMR_DNA-Neisseria_gonorrhoeae.fa.nto:md5,c1107debee8ee834a6d9383035dfe8a1",
                "AMR_DNA-Neisseria_gonorrhoeae.tsv:md5,df645e78f2863ff224a9bd7290b0f2e2",
                "AMR_DNA-Salmonella.fa:md5,c1961eb24a4c1224b052ca624d688423",
                "AMR_DNA-Salmonella.fa.ndb:md5,703735e0c8d5c26cd19b48285a58bd31",
                "AMR_DNA-Salmonella.fa.nhr:md5,469f97cd966b62d5b1392b5ccf088806",
                "AMR_DNA-Salmonella.fa.nin:md5,467d9cd4c47556727c5243ba8ebb9492",
                "AMR_DNA-Salmonella.fa.njs:md5,7dd78c9ab9d4cd65e378afe4722a63ab",
                "AMR_DNA-Salmonella.fa.not:md5,1e53e9d08f1d23af0299cfa87478a7bb",
                "AMR_DNA-Salmonella.fa.nsq:md5,b33114b21b603d37181be80bc0286e12",
                "AMR_DNA-Salmonella.fa.ntf:md5,de1250813f0c7affc6d12dac9d0fb6bb",
                "AMR_DNA-Salmonella.fa.nto:md5,33cdeccccebe80329f1fdbee7f5874cb",
                "AMR_DNA-Salmonella.tsv:md5,0fe717142e01d4f5c9261619527a220b",
                "AMR_DNA-Staphylococcus_aureus.fa:md5,8fea013f0fd4d5e7f6dbaa87f1549ad8",
                "AMR_DNA-Staphylococcus_aureus.fa.ndb:md5,9195b56a285912a6eda3a97c4c861514",
                "AMR_DNA-Staphylococcus_aureus.fa.nhr:md5,54c3d0244cac5cefba5cf5cebdc59201",
                "AMR_DNA-Staphylococcus_aureus.fa.nin:md5,74537b5640d1b8758560d3c820f63c5b",
                "AMR_DNA-Staphylococcus_aureus.fa.njs:md5,9207245a8d326715f46162d50db26288",
                "AMR_DNA-Staphylococcus_aureus.fa.not:md5,7b73614c2886a32af115bf8611bec880",
                "AMR_DNA-Staphylococcus_aureus.fa.nsq:md5,81e9a0f0278a72f5eb8b195c275f63ca",
                "AMR_DNA-Staphylococcus_aureus.fa.ntf:md5,de1250813f0c7affc6d12dac9d0fb6bb",
                "AMR_DNA-Staphylococcus_aureus.fa.nto:md5,9c804b88b57028563115f330887de329",
                "AMR_DNA-Staphylococcus_aureus.tsv:md5,b035060022b89bea7fb98a6ac3239faf",
                "AMR_DNA-Streptococcus_pneumoniae.fa:md5,66fe38f3f0ca0a0fb35392f38cf57d40",
                "AMR_DNA-Streptococcus_pneumoniae.fa.ndb:md5,e4679758586f0438166b389c1d385713",
                "AMR_DNA-Streptococcus_pneumoniae.fa.nhr:md5,812dd6c00e711c28c78df3520f30a7e6",
                "AMR_DNA-Streptococcus_pneumoniae.fa.nin:md5,dc0df7579fca55ac6a4ee8d461b1ffaa",
                "AMR_DNA-Streptococcus_pneumoniae.fa.njs:md5,13f87c3bbc9c36d56a234cd40341608e",
                "AMR_DNA-Streptococcus_pneumoniae.fa.not:md5,1e53e9d08f1d23af0299cfa87478a7bb",
                "AMR_DNA-Streptococcus_pneumoniae.fa.nsq:md5,98ac5228cebcec9a5e68294e0f17b588",
                "AMR_DNA-Streptococcus_pneumoniae.fa.ntf:md5,de1250813f0c7affc6d12dac9d0fb6bb",
                "AMR_DNA-Streptococcus_pneumoniae.fa.nto:md5,33cdeccccebe80329f1fdbee7f5874cb",
                "AMR_DNA-Streptococcus_pneumoniae.tsv:md5,42ec41450e7d6e418d62703be6ba2ecd",
                "changes.txt:md5,898ba423e87b94c2256ded8f348b64d6",
                "database_format_version.txt:md5,3d3e24f7cb6d5ffc50e20a45dc94a52e",
                "fam.tsv:md5,b9b951f36c3524b60ea48495beb07152",
                "taxgroup.tsv:md5,5968ee960d2b02475aa5dc91d2f331eb",
                "version.txt:md5,8c3de0efa6ad9ee2491b7fc2285eda97",
                "antifam.h3f:md5,febffbfcedbde9f02bcbacb1dd3d50f4",
                "antifam.h3i:md5,541b68fac0182c466719a742290cf0f1",
                "antifam.h3m:md5,3755cb20996f2eb6d6389463c66a9ca5",
                "antifam.h3p:md5,813b5d981aca0ca826546fa19274b8ba",
                "bakta.db:md5,81d306cf9e86bc4d475cd68489c4857a",
                "expert-protein-sequences.dmnd:md5,95e346c37ddf0718bfa62904f4c6a75a",
                "ncRNA-genes.i1f:md5,b29f3deb154b20149b5b7851d735921c",
                "ncRNA-genes.i1i:md5,1b9337e32f567646d9c62eb4e2fd2215",
                "ncRNA-genes.i1m:md5,d4052f66aab8539938f301f2d5def58e",
                "ncRNA-genes.i1p:md5,83cab31ecd8316b2ea19fd26f541b132",
                "ncRNA-regions.i1f:md5,705571bbf117cb6d5a79839f6f81613d",
                "ncRNA-regions.i1i:md5,6c8b0f4dedfb9358aa92ec1e5240fda0",
                "ncRNA-regions.i1m:md5,7740b42b39c1454173ff4b6e5a1c663a",
                "ncRNA-regions.i1p:md5,24b18b8562f96ffc600c84cafdb5d901",
                "oric.fna:md5,8123a8d931deb935864669f680da4cf7",
                "orit.fna:md5,ac9d20c1fde953861d4d7fa0bc1325a1",
                "pfam.h3f:md5,b0150ca1a545f47f8197950e4c1c9c30",
                "pfam.h3i:md5,d5ef9483247e79530e60b8c07d3ea2d2",
                "pfam.h3m:md5,58fab0b069252629f817d36f95368001",
                "pfam.h3p:md5,dd314f633a3284fa5ab7a992f7f8145c",
                "pscc.dmnd:md5,5ed3ef17fb3ae04eb3dc4ff3308cd66a",
                "rRNA.i1f:md5,2c28a5f435b385727af3dcce6fcad015",
                "rRNA.i1i:md5,bc612f64dfede32ff4e6ae5c22a0eecc",
                "rRNA.i1m:md5,3c91c4761d16c27a69ac70457cf278e8",
                "rRNA.i1p:md5,333ae4e8ab417113eb09a800a0c8e5c6",
                "rfam-go.tsv:md5,ce0eb883d1c8986aabe8edbab3137458",
                "sorf.dmnd:md5,ad9b9335b2cef4b68f9d8715cceb91aa",
                "version.json:md5,8c463066e6193c1fc2336a09d253d8a7",
                "versions.yml:md5,b16b3424da0a397a592ae0f1064763cd"
            ]
        ],
        "timestamp": "2026-10-07T11:25:15.461703153",
        "meta": {
            "nf-test": "0.9.5",
            "nextflow": "26.04.4"
        }
    }
}