{
    "Params: Prokka + Gapseq": {
        "content": [
            {
                "Workflow": {
                    "nf-core/bacmodel": "v1.0.0"
                }
            },
            [
                "pipeline_info",
                "pipeline_info/nf_core_bacmodel_software_versions.yml"
            ],
            [
                
            ]
        ],
        "meta": {
            "nf-test": "0.9.3",
            "nextflow": "25.10.0"
        },
        "timestamp": "2026-06-18T14:49:52.949427177"
    }
}